// Vitest Snapshot v1

exports[`Snapshot PlaylistItem.vue > renders correctly 1`] = `
<li
  class="flex justify-between items-center p-3 pl-6 cursor-pointer transition duration-300 hover:bg-gray-50"
>
  <div>
    <a
      class="font-bold block text-gray-600"
    >
      test
    </a>
    <p
      class="text-gray-500 text-sm first-letter:uppercase"
    >
      test 2
    </p>
  </div>
  <div
    class="text-gray-600 text-lg"
  >
    
    <span
      class="comments"
    >
      2 
      <span />
    </span>
    
  </div>
</li>
`;
